vm-test-run-sleepy-niri-to-hyprland-update-safety> machine # dbus-daemon[1063]: [session uid=1000 pid=1063 pidfd=5] Activating service name='ca.desrt.dconf' requested by ':1.0' (uid=1000 pid=1064 comm="/nix/store/6l8jmpfq9ccyd0gskd1kh7rl4cfjq6zv-dconf-")
vm-test-run-sleepy-niri-to-hyprland-update-safety> machine # dbus-daemon[1063]: [session uid=1000 pid=1063 pidfd=5] Successfully activated service 'ca.desrt.dconf'
vm-test-run-sleepy-niri-to-hyprland-update-safety> machine: must succeed: sudo -u lazy HOME=/home/lazy /nix/store/6l8jmpfq9ccyd0gskd1kh7rl4cfjq6zv-dconf-0.49.0/bin/dconf read /org/gnome/desktop/interface/color-scheme
vm-test-run-sleepy-niri-to-hyprland-update-safety> machine # [   14.919458] sudo[1178]:     root : TTY=hvc0 ; PWD=/tmp ; USER=lazy ; ENV=HOME=/home/lazy ; COMMAND=/nix/store/6l8jmpfq9ccyd0gskd1kh7rl4cfjq6zv-dconf-0.49.0/bin/dconf read /org/gnome/desktop/interface/color-scheme
vm-test-run-sleepy-niri-to-hyprland-update-safety> machine: (finished: must succeed: sudo -u lazy HOME=/home/lazy /nix/store/6l8jmpfq9ccyd0gskd1kh7rl4cfjq6zv-dconf-0.49.0/bin/dconf read /org/gnome/desktop/interface/color-scheme, in 0.02 seconds)
vm-test-run-sleepy-niri-to-hyprland-update-safety> machine # dbus-daemon[1265]: [session uid=1000 pid=1265 pidfd=5] Activating service name='ca.desrt.dconf' requested by ':1.0' (uid=1000 pid=1266 comm="/nix/store/6l8jmpfq9ccyd0gskd1kh7rl4cfjq6zv-dconf-")
vm-test-run-sleepy-niri-to-hyprland-update-safety> machine # dbus-daemon[1265]: [session uid=1000 pid=1265 pidfd=5] Successfully activated service 'ca.desrt.dconf'
vm-test-run-sleepy-niri-to-hyprland-update-safety> machine # dbus-daemon[1539]: [session uid=1000 pid=1539 pidfd=5] Activating service name='ca.desrt.dconf' requested by ':1.0' (uid=1000 pid=1540 comm="/nix/store/6l8jmpfq9ccyd0gskd1kh7rl4cfjq6zv-dconf-")
vm-test-run-sleepy-niri-to-hyprland-update-safety> machine # dbus-daemon[1539]: [session uid=1000 pid=1539 pidfd=5] Successfully activated service 'ca.desrt.dconf'
vm-test-run-sleepy-niri-to-hyprland-update-safety> machine: must succeed: sudo -u lazy HOME=/home/lazy /nix/store/6l8jmpfq9ccyd0gskd1kh7rl4cfjq6zv-dconf-0.49.0/bin/dconf read /org/gnome/desktop/interface/color-scheme
vm-test-run-sleepy-niri-to-hyprland-update-safety> machine # [   16.554447] sudo[1654]:     root : TTY=hvc0 ; PWD=/tmp ; USER=lazy ; ENV=HOME=/home/lazy ; COMMAND=/nix/store/6l8jmpfq9ccyd0gskd1kh7rl4cfjq6zv-dconf-0.49.0/bin/dconf read /org/gnome/desktop/interface/color-scheme
vm-test-run-sleepy-niri-to-hyprland-update-safety> machine: (finished: must succeed: sudo -u lazy HOME=/home/lazy /nix/store/6l8jmpfq9ccyd0gskd1kh7rl4cfjq6zv-dconf-0.49.0/bin/dconf read /org/gnome/desktop/interface/color-scheme, in 0.02 seconds)
vm-test-run-sleepy-niri-to-hyprland-update-safety> machine # [   17.335756] dbus-broker-launch[1798]: Ignoring duplicate name 'ca.desrt.dconf' in service file '/nix/store/hdp49p18fnhfgsn43a7hgyyhw420pbcs-system-path/share/dbus-1/services/ca.desrt.dconf.service'
vm-test-run-sleepy-niri-to-hyprland-update-safety> machine # [   17.342018] dbus-broker-launch[1798]: Ignoring duplicate name 'ca.desrt.dconf' in service file '/nix/store/6l8jmpfq9ccyd0gskd1kh7rl4cfjq6zv-dconf-0.49.0/share/dbus-1/services/ca.desrt.dconf.service'
vm-test-run-sleepy-niri-to-hyprland-update-safety> machine # dbus-daemon[2105]: [session uid=1000 pid=2105 pidfd=5] Activating service name='ca.desrt.dconf' requested by ':1.0' (uid=1000 pid=2106 comm="/nix/store/6l8jmpfq9ccyd0gskd1kh7rl4cfjq6zv-dconf-")
vm-test-run-sleepy-niri-to-hyprland-update-safety> machine # dbus-daemon[2105]: [session uid=1000 pid=2105 pidfd=5] Successfully activated service 'ca.desrt.dconf'
vm-test-run-sleepy-niri-to-hyprland-update-safety> machine: must succeed: sudo -u lazy HOME=/home/lazy /nix/store/6l8jmpfq9ccyd0gskd1kh7rl4cfjq6zv-dconf-0.49.0/bin/dconf read /org/gnome/desktop/interface/color-scheme
vm-test-run-sleepy-niri-to-hyprland-update-safety> machine # [   30.363773] sudo[2158]:     root : TTY=hvc0 ; PWD=/tmp ; USER=lazy ; ENV=HOME=/home/lazy ; COMMAND=/nix/store/6l8jmpfq9ccyd0gskd1kh7rl4cfjq6zv-dconf-0.49.0/bin/dconf read /org/gnome/desktop/interface/color-scheme
vm-test-run-sleepy-niri-to-hyprland-update-safety> machine: (finished: must succeed: sudo -u lazy HOME=/home/lazy /nix/store/6l8jmpfq9ccyd0gskd1kh7rl4cfjq6zv-dconf-0.49.0/bin/dconf read /org/gnome/desktop/interface/color-scheme, in 0.02 seconds)
vm-test-run-sleepy-niri-to-hyprland-update-safety> machine # dbus-daemon[2256]: [session uid=1000 pid=2256 pidfd=5] Activating service name='ca.desrt.dconf' requested by ':1.0' (uid=1000 pid=2257 comm="/nix/store/6l8jmpfq9ccyd0gskd1kh7rl4cfjq6zv-dconf-")
vm-test-run-sleepy-niri-to-hyprland-update-safety> machine # dbus-daemon[2256]: [session uid=1000 pid=2256 pidfd=5] Successfully activated service 'ca.desrt.dconf'
vm-test-run-sleepy-niri-to-hyprland-update-safety> machine: must fail: sudo -u lazy HOME=/home/lazy /nix/store/lmxgb0cqsxz3jf6dnvq1pp98bi9ygrv8-home-manager-generation/activate
vm-test-run-sleepy-niri-to-hyprland-update-safety> machine # dbus-daemon[2347]: [session uid=1000 pid=2347 pidfd=5] Activating service name='ca.desrt.dconf' requested by ':1.0' (uid=1000 pid=2348 comm="/nix/store/6l8jmpfq9ccyd0gskd1kh7rl4cfjq6zv-dconf-")
vm-test-run-sleepy-niri-to-hyprland-update-safety> machine # dbus-daemon[2347]: [session uid=1000 pid=2347 pidfd=5] Successfully activated service 'ca.desrt.dconf'
vm-test-run-sleepy-niri-to-hyprland-update-safety> machine: (finished: must fail: sudo -u lazy HOME=/home/lazy /nix/store/lmxgb0cqsxz3jf6dnvq1pp98bi9ygrv8-home-manager-generation/activate, in 0.32 seconds)
vm-test-run-sleepy-niri-to-hyprland-update-safety> machine # dbus-daemon[2427]: [session uid=1000 pid=2427 pidfd=5] Activating service name='ca.desrt.dconf' requested by ':1.0' (uid=1000 pid=2428 comm="/nix/store/6l8jmpfq9ccyd0gskd1kh7rl4cfjq6zv-dconf-")
vm-test-run-sleepy-niri-to-hyprland-update-safety> machine # dbus-daemon[2427]: [session uid=1000 pid=2427 pidfd=5] Successfully activated service 'ca.desrt.dconf'
vm-test-run-sleepy-niri-to-hyprland-update-safety> machine: must succeed: sudo -u lazy HOME=/home/lazy /nix/store/6l8jmpfq9ccyd0gskd1kh7rl4cfjq6zv-dconf-0.49.0/bin/dconf read /org/gnome/desktop/interface/color-scheme
vm-test-run-sleepy-niri-to-hyprland-update-safety> machine # [   31.531215] sudo[2464]:     root : TTY=hvc0 ; PWD=/tmp ; USER=lazy ; ENV=HOME=/home/lazy ; COMMAND=/nix/store/6l8jmpfq9ccyd0gskd1kh7rl4cfjq6zv-dconf-0.49.0/bin/dconf read /org/gnome/desktop/interface/color-scheme
vm-test-run-sleepy-niri-to-hyprland-update-safety> machine: (finished: must succeed: sudo -u lazy HOME=/home/lazy /nix/store/6l8jmpfq9ccyd0gskd1kh7rl4cfjq6zv-dconf-0.49.0/bin/dconf read /org/gnome/desktop/interface/color-scheme, in 0.03 seconds)
vm-test-run-sleepy-niri-to-hyprland-update-safety> machine # [   32.224377] dbus-broker-launch[2610]: Ignoring duplicate name 'ca.desrt.dconf' in service file '/nix/store/hdp49p18fnhfgsn43a7hgyyhw420pbcs-system-path/share/dbus-1/services/ca.desrt.dconf.service'
vm-test-run-sleepy-niri-to-hyprland-update-safety> machine # [   32.231286] dbus-broker-launch[2610]: Ignoring duplicate name 'ca.desrt.dconf' in service file '/nix/store/6l8jmpfq9ccyd0gskd1kh7rl4cfjq6zv-dconf-0.49.0/share/dbus-1/services/ca.desrt.dconf.service'
vm-test-run-sleepy-niri-to-hyprland-update-safety> test script finished in 44.01s
