nixos-test-driver-sleepy-flatpak-recovery> Linting test script (enable/disable: config.skipLint)
vm-test-run-sleepy-flatpak-recovery> run the VM test script
vm-test-run-sleepy-flatpak-recovery> machine: starting vm
vm-test-run-sleepy-flatpak-recovery> machine: QEMU running (pid 11636)
vm-test-run-sleepy-flatpak-recovery> machine: waiting for unit multi-user.target
vm-test-run-sleepy-flatpak-recovery> machine: waiting for the VM to finish booting
vm-test-run-sleepy-flatpak-recovery> machine # [    4.075748] systemd[1]: initrd-cleanup.service: Deactivated successfully.
vm-test-run-sleepy-flatpak-recovery> machine # [    4.091660] systemd[1]: initrd-udevadm-cleanup-db.service: Deactivated successfully.
vm-test-run-sleepy-flatpak-recovery> machine: Guest shell says: b'Spawning backdoor root shell...\n'
vm-test-run-sleepy-flatpak-recovery> machine: connected to guest root shell
vm-test-run-sleepy-flatpak-recovery> machine: (connecting took 7.12 seconds)
vm-test-run-sleepy-flatpak-recovery> machine: (finished: waiting for the VM to finish booting, in 7.12 seconds)
vm-test-run-sleepy-flatpak-recovery> machine # [    6.941495] systemd[1]: Starting Configure the selected Flathub application source...
vm-test-run-sleepy-flatpak-recovery> machine # [    6.967890] systemd[1]: sleepy-flathub.service: Main process exited, code=exited, status=1/FAILURE
vm-test-run-sleepy-flatpak-recovery> machine # [    6.968509] systemd[1]: sleepy-flathub.service: Failed with result 'exit-code'.
vm-test-run-sleepy-flatpak-recovery> machine # [    6.970464] systemd[1]: Failed to start Configure the selected Flathub application source.
vm-test-run-sleepy-flatpak-recovery> machine # [    9.070417] systemd[1]: Starting Configure the selected Flathub application source...
vm-test-run-sleepy-flatpak-recovery> machine # [    9.085978] systemd[1]: sleepy-flathub.service: Main process exited, code=exited, status=1/FAILURE
vm-test-run-sleepy-flatpak-recovery> machine # [    9.086586] systemd[1]: sleepy-flathub.service: Failed with result 'exit-code'.
vm-test-run-sleepy-flatpak-recovery> machine # [    9.087313] systemd[1]: Failed to start Configure the selected Flathub application source.
vm-test-run-sleepy-flatpak-recovery> machine # [   11.187814] systemd[1]: Starting Configure the selected Flathub application source...
vm-test-run-sleepy-flatpak-recovery> machine # [   11.202922] systemd[1]: sleepy-flathub.service: Main process exited, code=exited, status=1/FAILURE
vm-test-run-sleepy-flatpak-recovery> machine # [   11.203502] systemd[1]: sleepy-flathub.service: Failed with result 'exit-code'.
vm-test-run-sleepy-flatpak-recovery> machine # [   11.204536] systemd[1]: Failed to start Configure the selected Flathub application source.
vm-test-run-sleepy-flatpak-recovery> machine # [   13.306291] systemd[1]: Starting Configure the selected Flathub application source...
vm-test-run-sleepy-flatpak-recovery> machine # [   13.322457] systemd[1]: sleepy-flathub.service: Main process exited, code=exited, status=1/FAILURE
vm-test-run-sleepy-flatpak-recovery> machine # [   13.323479] systemd[1]: sleepy-flathub.service: Failed with result 'exit-code'.
vm-test-run-sleepy-flatpak-recovery> machine # [   13.323996] systemd[1]: Failed to start Configure the selected Flathub application source.
vm-test-run-sleepy-flatpak-recovery> machine: (finished: waiting for unit multi-user.target, in 14.39 seconds)
vm-test-run-sleepy-flatpak-recovery> machine: waiting for success: test -f /var/lib/registration-attempts
vm-test-run-sleepy-flatpak-recovery> machine: (finished: waiting for success: test -f /var/lib/registration-attempts, in 0.01 seconds)
vm-test-run-sleepy-flatpak-recovery> machine: must fail: test -f /var/lib/registered
vm-test-run-sleepy-flatpak-recovery> machine: (finished: must fail: test -f /var/lib/registered, in 0.01 seconds)
vm-test-run-sleepy-flatpak-recovery> machine: must succeed: echo online > /var/lib/registration-mode
vm-test-run-sleepy-flatpak-recovery> machine: (finished: must succeed: echo online > /var/lib/registration-mode, in 0.01 seconds)
vm-test-run-sleepy-flatpak-recovery> machine: waiting for success: test -f /var/lib/registered
vm-test-run-sleepy-flatpak-recovery> machine # [   15.381902] systemd[1]: Starting Configure the selected Flathub application source...
vm-test-run-sleepy-flatpak-recovery> machine # [   15.404462] systemd[1]: Finished Configure the selected Flathub application source.
vm-test-run-sleepy-flatpak-recovery> machine: (finished: waiting for success: test -f /var/lib/registered, in 2.03 seconds)
vm-test-run-sleepy-flatpak-recovery> machine: waiting for success: systemctl is-active sleepy-flathub.service
vm-test-run-sleepy-flatpak-recovery> machine: (finished: waiting for success: systemctl is-active sleepy-flathub.service, in 0.01 seconds)
vm-test-run-sleepy-flatpak-recovery> machine: must succeed: wc -l < /var/lib/registration-attempts
vm-test-run-sleepy-flatpak-recovery> machine: (finished: must succeed: wc -l < /var/lib/registration-attempts, in 0.01 seconds)
vm-test-run-sleepy-flatpak-recovery> machine: must succeed: sleep 5.0
vm-test-run-sleepy-flatpak-recovery> machine: (finished: must succeed: sleep 5.0, in 5.01 seconds)
vm-test-run-sleepy-flatpak-recovery> machine: must succeed: wc -l < /var/lib/registration-attempts
vm-test-run-sleepy-flatpak-recovery> machine: (finished: must succeed: wc -l < /var/lib/registration-attempts, in 0.01 seconds)
vm-test-run-sleepy-flatpak-recovery> machine: must succeed: systemctl stop sleepy-flathub.timer sleepy-flathub.service; echo stalled > /var/lib/registration-mode
vm-test-run-sleepy-flatpak-recovery> machine # [   21.108770] systemd[1]: sleepy-flathub.service: Deactivated successfully.
vm-test-run-sleepy-flatpak-recovery> machine # [   21.109563] systemd[1]: Stopped Configure the selected Flathub application source.
vm-test-run-sleepy-flatpak-recovery> machine: (finished: must succeed: systemctl stop sleepy-flathub.timer sleepy-flathub.service; echo stalled > /var/lib/registration-mode, in 0.02 seconds)
vm-test-run-sleepy-flatpak-recovery> machine: must succeed: systemctl start --no-block sleepy-flathub.service
vm-test-run-sleepy-flatpak-recovery> machine # [   21.124792] systemd[1]: Starting Configure the selected Flathub application source...
vm-test-run-sleepy-flatpak-recovery> machine: (finished: must succeed: systemctl start --no-block sleepy-flathub.service, in 0.01 seconds)
vm-test-run-sleepy-flatpak-recovery> machine: waiting for success: test $(systemctl show -p ActiveState --value sleepy-flathub.service) = activating
vm-test-run-sleepy-flatpak-recovery> machine: (finished: waiting for success: test $(systemctl show -p ActiveState --value sleepy-flathub.service) = activating, in 0.03 seconds)
vm-test-run-sleepy-flatpak-recovery> machine: must succeed: systemctl is-active multi-user.target
vm-test-run-sleepy-flatpak-recovery> machine: (finished: must succeed: systemctl is-active multi-user.target, in 0.01 seconds)
vm-test-run-sleepy-flatpak-recovery> machine: waiting for success: test $(systemctl show -p Result --value sleepy-flathub.service) = timeout
vm-test-run-sleepy-flatpak-recovery> machine # [   66.129914] systemd[1]: sleepy-flathub.service: start operation timed out. Terminating.
vm-test-run-sleepy-flatpak-recovery> machine # [   66.132304] systemd[1]: sleepy-flathub.service: Main process exited, code=killed, status=15/TERM
vm-test-run-sleepy-flatpak-recovery> machine # [   66.132915] systemd[1]: sleepy-flathub.service: Failed with result 'timeout'.
vm-test-run-sleepy-flatpak-recovery> machine # [   66.133991] systemd[1]: Failed to start Configure the selected Flathub application source.
vm-test-run-sleepy-flatpak-recovery> machine: (finished: waiting for success: test $(systemctl show -p Result --value sleepy-flathub.service) = timeout, in 45.75 seconds)
vm-test-run-sleepy-flatpak-recovery> machine: waiting for success: test $(systemctl show -p MainPID --value sleepy-flathub.service) = 0
vm-test-run-sleepy-flatpak-recovery> machine: (finished: waiting for success: test $(systemctl show -p MainPID --value sleepy-flathub.service) = 0, in 0.02 seconds)
vm-test-run-sleepy-flatpak-recovery> machine: must succeed: echo online > /var/lib/registration-mode; systemctl start sleepy-flathub.timer
vm-test-run-sleepy-flatpak-recovery> machine: (finished: must succeed: echo online > /var/lib/registration-mode; systemctl start sleepy-flathub.timer, in 0.01 seconds)
vm-test-run-sleepy-flatpak-recovery> machine: waiting for success: systemctl is-active sleepy-flathub.service
vm-test-run-sleepy-flatpak-recovery> machine # [   68.235148] systemd[1]: Starting Configure the selected Flathub application source...
vm-test-run-sleepy-flatpak-recovery> machine # [   68.258747] systemd[1]: Finished Configure the selected Flathub application source.
vm-test-run-sleepy-flatpak-recovery> machine: (finished: waiting for success: systemctl is-active sleepy-flathub.service, in 2.04 seconds)
vm-test-run-sleepy-flatpak-recovery> (finished: run the VM test script, in 69.45 seconds)
vm-test-run-sleepy-flatpak-recovery> test script finished in 69.46s
vm-test-run-sleepy-flatpak-recovery> cleanup
vm-test-run-sleepy-flatpak-recovery> (finished: cleanup, in 0.04 seconds)
