nixos-test-driver-sleepy-flatpak-recovery> Linting test script (enable/disable: config.skipLint)
vm-test-run-sleepy-flatpak-recovery> run the VM test script
vm-test-run-sleepy-flatpak-recovery> machine: starting vm
vm-test-run-sleepy-flatpak-recovery> machine: QEMU running (pid 10185)
vm-test-run-sleepy-flatpak-recovery> machine: waiting for unit multi-user.target
vm-test-run-sleepy-flatpak-recovery> machine: waiting for the VM to finish booting
vm-test-run-sleepy-flatpak-recovery> machine # [    3.116283] systemd[1]: initrd-cleanup.service: Deactivated successfully.
vm-test-run-sleepy-flatpak-recovery> machine # [    3.133448] systemd[1]: initrd-udevadm-cleanup-db.service: Deactivated successfully.
vm-test-run-sleepy-flatpak-recovery> machine: Guest shell says: b'Spawning backdoor root shell...\n'
vm-test-run-sleepy-flatpak-recovery> machine: connected to guest root shell
vm-test-run-sleepy-flatpak-recovery> machine: (connecting took 6.02 seconds)
vm-test-run-sleepy-flatpak-recovery> machine: (finished: waiting for the VM to finish booting, in 6.02 seconds)
vm-test-run-sleepy-flatpak-recovery> machine # [   11.627737] systemd[1]: Starting Configure the selected Flathub application source...
vm-test-run-sleepy-flatpak-recovery> machine # [   11.642143] systemd[1]: sleepy-flathub.service: Main process exited, code=exited, status=1/FAILURE
vm-test-run-sleepy-flatpak-recovery> machine # [   11.642879] systemd[1]: sleepy-flathub.service: Failed with result 'exit-code'.
vm-test-run-sleepy-flatpak-recovery> machine # [   11.643840] systemd[1]: Failed to start Configure the selected Flathub application source.
vm-test-run-sleepy-flatpak-recovery> machine: (finished: waiting for unit multi-user.target, in 12.27 seconds)
vm-test-run-sleepy-flatpak-recovery> machine: waiting for success: test -f /var/lib/registration-attempts
vm-test-run-sleepy-flatpak-recovery> machine: (finished: waiting for success: test -f /var/lib/registration-attempts, in 0.01 seconds)
vm-test-run-sleepy-flatpak-recovery> machine: must fail: test -f /var/lib/registered
vm-test-run-sleepy-flatpak-recovery> machine: (finished: must fail: test -f /var/lib/registered, in 0.00 seconds)
vm-test-run-sleepy-flatpak-recovery> machine: must succeed: echo online > /var/lib/registration-mode
vm-test-run-sleepy-flatpak-recovery> machine: (finished: must succeed: echo online > /var/lib/registration-mode, in 0.01 seconds)
vm-test-run-sleepy-flatpak-recovery> machine: waiting for success: test -f /var/lib/registered
vm-test-run-sleepy-flatpak-recovery> !!! RequestedAssertionFailed: action timed out after 30.30 seconds (timeout=30.0)
vm-test-run-sleepy-flatpak-recovery> cleanup
vm-test-run-sleepy-flatpak-recovery> (finished: cleanup, in 0.05 seconds)
error: Cannot build '/nix/store/4i32mn7q9vdxfd3rxy6df8hk17jpx6wx-vm-test-run-sleepy-flatpak-recovery.drv'.
